
----------------------------------------------
  1. Health Check
----------------------------------------------
  [PASS] GET /health  (200)

----------------------------------------------
  2. Auth - Register and Login
----------------------------------------------
  [PASS] POST /api/auth/register (owner)  (201)
  [PASS] POST /api/auth/register-business (provider)  (201)
  [PASS] POST /api/auth/login (owner)  (200)
  [PASS] POST /api/auth/login (provider)  (200)

----------------------------------------------
  3. Vehicles
----------------------------------------------
  [PASS] POST /api/vehicles (add vehicle)  (201)
  [PASS] GET /api/vehicles (list owner vehicles)  (200)
  [PASS] GET /api/vehicles (no token -> 401)  (401)

----------------------------------------------
  4. Providers
----------------------------------------------
  [PASS] GET /api/providers/me (provider profile)  (200)
  [FAIL] PUT /api/providers/profile (update profile)  (got 400, expected 200|201)
